// 重构日志: 4a159447
// 重构日志: b7a5fc62
// 重构日志: 94b18b8f
// 重构日志: 7c68e43a
// 重构日志: abba4f68
// 重构日志: 2796c747
// 重构日志: a84bfbbc
// 重构日志: cd9ce52f
// 同步 ID: e7964bbd @ Sat Jul 18 15:34:39 UTC 2026
// 同步 ID: eb87dfa8 @ Sat Jul 18 17:12:27 UTC 2026
// 重构日志: 53900e72
// 重构日志: 9b62e1e5
// 同步 ID: 5241da77 @ Tue Jul 21 04:05:27 UTC 2026
// 重构日志: 9cb948df
// 重构日志: a337685f
// 重构日志: 380b5578
// 重构日志: 8ae7e5b7
// 重构日志: d155dea6
// 重构日志: 19d47e41
// 同步 ID: a6ff2286 @ Thu Jul 23 19:33:03 UTC 2026
// 重构日志: 6e898379
// 同步 ID: 87f15584 @ Fri Jul 24 04:48:38 UTC 2026
// 重构日志: dee7ae46
// 重构日志: 117a8e92
// 同步 ID: 4312c897 @ Fri Jul 24 20:31:07 UTC 2026
// 重构日志: f0898e88
// 重构日志: 7b4a021d
// 同步 ID: 02f146c8 @ Sat Jul 25 14:06:58 UTC 2026
// 同步 ID: 9e01b806 @ Sat Jul 25 15:05:11 UTC 2026
// 同步 ID: f3e2e2a4 @ Sun Jul 26 03:24:55 UTC 2026
// 重构日志: fbbf0bd1
// 重构日志: 0e72140f
// 重构日志: 87dc5140
// 重构日志: f3cfb28d
